Component: ARM Compiler 5.06 update 6 (build 750) Tool: armlink [4d35ed]

==============================================================================

Section Cross References

    q1.o(RESET) refers to q1.o(RESULT) for DST
    q1b.o(RESET) refers to q1b.o(RESULT) for DST
    q1a.o(RESET) refers to q1a.o(RESULT) for DST


==============================================================================

Image Symbol Table

    Local Symbols

    Symbol Name                              Value     Ov Type        Size  Object(Section)

    RESET                                    0x00000000   Section      100  q1.o(RESET)
    Q1.s                                     0x00000000   Number         0  q1.o ABSOLUTE
    Q1a.s                                    0x00000000   Number         0  q1a.o ABSOLUTE
    Q1b.s                                    0x00000000   Number         0  q1b.o ABSOLUTE
    RESET                                    0x00000064   Section       80  q1b.o(RESET)
    RESET                                    0x000000b4   Section      100  q1a.o(RESET)
    RESULT                                   0x40000000   Section        8  q1.o(RESULT)
    DST                                      0x40000000   Data           8  q1.o(RESULT)
    RESULT                                   0x40000008   Section        8  q1b.o(RESULT)
    DST                                      0x40000008   Data           8  q1b.o(RESULT)
    RESULT                                   0x40000010   Section        8  q1a.o(RESULT)
    DST                                      0x40000010   Data           8  q1a.o(RESULT)

    Global Symbols

    Symbol Name                              Value     Ov Type        Size  Object(Section)

    BuildAttributes$$THM_ISAv1$ARM_ISAv4$S$PE$A:L22$X:L11$S22$IEEE1$IW$USESV6$~STKCKD$USESV7$~SHL$OSPACE$EBA8$STANDARDLIB$PRES8$EABIv2 0x00000000   Number         0  anon$$obj.o ABSOLUTE



==============================================================================

Memory Map of the image

  Image Entry point : 0x00000000

  Load Region LR_1 (Base: 0x00000000, Size: 0x00000130, Max: 0xffffffff, ABSOLUTE)

    Execution Region ER_RO (Exec base: 0x00000000, Load base: 0x00000000, Size: 0x00000118, Max: 0xffffffff, ABSOLUTE)

    Exec Addr    Load Addr    Size         Type   Attr      Idx    E Section Name        Object

    0x00000000   0x00000000   0x00000064   Code   RO            1  * RESET               q1.o
    0x00000064   0x00000064   0x00000050   Code   RO            7  * RESET               q1b.o
    0x000000b4   0x000000b4   0x00000064   Code   RO           11  * RESET               q1a.o


    Execution Region ER_RW (Exec base: 0x40000000, Load base: 0x00000118, Size: 0x00000018, Max: 0xffffffff, ABSOLUTE)

    Exec Addr    Load Addr    Size         Type   Attr      Idx    E Section Name        Object

    0x40000000   0x00000118   0x00000008   Data   RW            2    RESULT              q1.o
    0x40000008   0x00000120   0x00000008   Data   RW            8    RESULT              q1b.o
    0x40000010   0x00000128   0x00000008   Data   RW           12    RESULT              q1a.o


    Execution Region ER_ZI (Exec base: 0x40000018, Load base: 0x00000130, Size: 0x00000000, Max: 0xffffffff, ABSOLUTE)

    **** No section assigned to this execution region ****


==============================================================================

Image component sizes


      Code (inc. data)   RO Data    RW Data    ZI Data      Debug   Object Name

       100         20          0          8          0        228   q1.o
       100         20          0          8          0        196   q1a.o
        80         20          0          8          0        192   q1b.o

    ----------------------------------------------------------------------
       280         60          0         24          0        616   Object Totals
         0          0          0          0          0          0   (incl. Generated)
         0          0          0          0          0          0   (incl. Padding)

    ----------------------------------------------------------------------
         0          0          0          0          0          0   Library Totals
         0          0          0          0          0          0   (incl. Padding)

    ----------------------------------------------------------------------

==============================================================================


      Code (inc. data)   RO Data    RW Data    ZI Data      Debug   

       280         60          0         24          0        616   Grand Totals
       280         60          0         24          0        616   ELF Image Totals
       280         60          0         24          0          0   ROM Totals

==============================================================================

    Total RO  Size (Code + RO Data)                  280 (   0.27kB)
    Total RW  Size (RW Data + ZI Data)                24 (   0.02kB)
    Total ROM Size (Code + RO Data + RW Data)        304 (   0.30kB)

==============================================================================

