Component: ARM Compiler 5.06 update 6 (build 750) Tool: armlink [4d35ed]

==============================================================================

Section Cross References

    svctest.o(RESET) refers to svctest.o(MYCODE) for Reset_Handler


==============================================================================

Image Symbol Table

    Local Symbols

    Symbol Name                              Value     Ov Type        Size  Object(Section)

    SVCTEST.s                                0x00000000   Number         0  svctest.o ABSOLUTE
    RESET                                    0x08000000   Section       48  svctest.o(RESET)
    MYCODE                                   0x08000030   Section       68  svctest.o(MYCODE)
    $v0                                      0x08000030   Number         0  svctest.o(MYCODE)
    SVC_Handler                              0x0800004b   Thumb Code     0  svctest.o(MYCODE)

    Global Symbols

    Symbol Name                              Value     Ov Type        Size  Object(Section)

    BuildAttributes$$THM_ISAv4$E$P$D$K$B$S$7EM$VFPi3$EXTD16$VFPS$VFMA$PE$A:L22UL41UL21$X:L11$S22US41US21$IEEE1$IW$USESV6$~STKCKD$USESV7$~SHL$OSPACE$EBA8$STANDARDLIB$PRES8$EABIv2 0x00000000   Number         0  anon$$obj.o ABSOLUTE
    __Vectors                                0x08000000   Data           0  svctest.o(RESET)
    Reset_Handler                            0x08000031   Thumb Code     0  svctest.o(MYCODE)



==============================================================================

Memory Map of the image

  Image Entry point : 0x08000031

  Load Region LR_1 (Base: 0x08000000, Size: 0x00000074, Max: 0xffffffff, ABSOLUTE)

    Execution Region ER_RO (Exec base: 0x08000000, Load base: 0x08000000, Size: 0x00000074, Max: 0xffffffff, ABSOLUTE)

    Exec Addr    Load Addr    Size         Type   Attr      Idx    E Section Name        Object

    0x08000000   0x08000000   0x00000030   Data   RO            1    RESET               svctest.o
    0x08000030   0x08000030   0x00000044   Code   RO            2  * MYCODE              svctest.o


    Execution Region ER_RW (Exec base: 0x20000000, Load base: 0x08000074, Size: 0x00000000, Max: 0xffffffff, ABSOLUTE)

    **** No section assigned to this execution region ****


    Execution Region ER_ZI (Exec base: 0x20000000, Load base: 0x08000074, Size: 0x00000000, Max: 0xffffffff, ABSOLUTE)

    **** No section assigned to this execution region ****


==============================================================================

Image component sizes


      Code (inc. data)   RO Data    RW Data    ZI Data      Debug   Object Name

        68          6         48          0          0        236   svctest.o

    ----------------------------------------------------------------------
        68          6         48          0          0        236   Object Totals
         0          0          0          0          0          0   (incl. Generated)
         0          0          0          0          0          0   (incl. Padding)

    ----------------------------------------------------------------------
         0          0          0          0          0          0   Library Totals
         0          0          0          0          0          0   (incl. Padding)

    ----------------------------------------------------------------------

==============================================================================


      Code (inc. data)   RO Data    RW Data    ZI Data      Debug   

        68          6         48          0          0        236   Grand Totals
        68          6         48          0          0        236   ELF Image Totals
        68          6         48          0          0          0   ROM Totals

==============================================================================

    Total RO  Size (Code + RO Data)                  116 (   0.11kB)
    Total RW  Size (RW Data + ZI Data)                 0 (   0.00kB)
    Total ROM Size (Code + RO Data + RW Data)        116 (   0.11kB)

==============================================================================

